[jibryl.seesaa.net/article/51055780059d4.html]
[blog.seesaa.jp/js/insert-ad.min.js]
[blog.seesaa.jp/img/iphone/apple-touch-icon.png]
[backblue.gif]
[fade.gif]
[index.html]
[jibryl.seesaa.net/article/510557800.html]
[jibryl.up.seesaa.net/site_view-8772737e849.css]
[blog.seesaa.jp/css/user-common.css]
[blog.seesaa.jp/contents/js/common_header_site.js]
[jibryl.seesaa.net/article/force_pc=0; max-age=15768000; path=/index.html]
[jibryl.seesaa.net/article/1.png]
[jibryl.seesaa.net/article/force_sp=1; max-age=15768000; path=/index.html]
[blog.seesaa.jp/visual/pc/common/fontawesome/all.min.js]
[jibryl.seesaa.net/article/510557774ac4a.html]
[jibryl.up.seesaa.net/image/images2028229-thumbnail2.jpg]
[jibryl.up.seesaa.net/image/images2028429-thumbnail2.jpg]
[jibryl.seesaa.net/article/510557642ac4a.html]
[jibryl.seesaa.net/article/510557584ac4a.html]
[jibryl.up.seesaa.net/image/download2028129-thumbnail2.jpg]
[jibryl.seesaa.net/article/510557460ac4a.html]
[jibryl.up.seesaa.net/image/download2028229-thumbnail2.jpg]
[jibryl.seesaa.net/article/510555793ac4a.html]
[jibryl.seesaa.net/article/510557774.html]
[jibryl.up.seesaa.net/image/images2028229.jpg]
[jibryl.up.seesaa.net/image/download-thumbnail2.jpg]
[jibryl.seesaa.net/article/510557642.html]
[jibryl.seesaa.net/article/510557584.html]
[jibryl.seesaa.net/article/510557460.html]
[jibryl.seesaa.net/article/510555793.html]
[jibryl.seesaa.net/article/510555784.html]
[jibryl.seesaa.net/article/510555753.html]
[jibryl.seesaa.net/article/510555698.html]
[blog.seesaa.jp/js/tag_cloud.js]
[blog.seesaa.jp/js/simple-bookmark-pc.js]
[blog.seesaa.jp/js/trace_searcher.js]
[dmp.im-apps.net/js/7262/0001/itm.js]
[jibryl.seesaa.net/article/51055780059d4.html]
[jibryl.seesaa.net/article/510557800.html]
[jibryl.up.seesaa.net/site_view-8772737e849.css]
[blog.seesaa.jp/img/bookmark/close.png]
[blog.seesaa.jp/css/user-common.css]
[jibryl.seesaa.net/article/force_pc=0; max-age=15768000; path=/index.html]
[jibryl.seesaa.net/article/force_sp=1; max-age=15768000; path=/index.html]
[jibryl.seesaa.net/article/1.html]
[jibryl.seesaa.net/article/510557800ac4a.html]
[jibryl.up.seesaa.net/image/images2028429.jpg]
[jibryl.up.seesaa.net/image/download.jpg]
[jibryl.seesaa.net/article/510557774ac4a.html]
[jibryl.up.seesaa.net/image/download2028129.jpg]
[jibryl.seesaa.net/article/510557642ac4a.html]
[jibryl.up.seesaa.net/image/download2028229.jpg]
[jibryl.seesaa.net/article/510557584ac4a.html]
[jibryl.seesaa.net/article/510557460ac4a.html]
[jibryl.seesaa.net/article/510555793ac4a.html]
[jibryl.seesaa.net/article/510557774.html]
[jibryl.seesaa.net/article/510557642.html]
[jibryl.seesaa.net/article/510557584.html]
[jibryl.seesaa.net/article/510557460.html]
[jibryl.seesaa.net/article/510555793.html]
[jibryl.seesaa.net/article/510555784.html]
[jibryl.seesaa.net/article/510555753.html]
[jibryl.seesaa.net/article/510555698.html]
[jibryl.seesaa.net/article/510557800ac4a.html]
